// Jest Snapshot v1, https://goo.gl/fbAQLP

exports[`ActuMap renders correctly 1`] = `
<View
  style={
    {
      "flex": 1,
    }
  }
>
  <View
    style={
      {
        "flex": 1,
      }
    }
  >
    <View
      style={
        {
          "alignItems": "center",
          "flex": 1,
          "justifyContent": "center",
        }
      }
    >
      <ActivityIndicator
        color="#668F80"
        size="large"
      />
    </View>
  </View>
</View>
`;
