// Jest Snapshot v1, https://goo.gl/fbAQLP

exports[`OpenLayersMap renders correctly 1`] = `null`;
